<?xml version="1.0" encoding="UTF-8"?>
<!DOCTYPE glassfish-ejb-jar PUBLIC "-//GlassFish.org//DTD GlassFish Application Server 3.1 EJB 3.1//EN" "http://glassfish.org/dtds/glassfish-ejb-jar_3_1-1.dtd">
<!--

    Licensed to the Apache Software Foundation (ASF) under one
    or more contributor license agreements.  See the NOTICE file
    distributed with this work for additional information
    regarding copyright ownership.  The ASF licenses this file
    to you under the Apache License, Version 2.0 (the
    "License"); you may not use this file except in compliance
    with the License.  You may obtain a copy of the License at

      http://www.apache.org/licenses/LICENSE-2.0

    Unless required by applicable law or agreed to in writing,
    software distributed under the License is distributed on an
    "AS IS" BASIS, WITHOUT WARRANTIES OR CONDITIONS OF ANY
    KIND, either express or implied.  See the License for the
    specific language governing permissions and limitations
    under the License.

-->
<glassfish-ejb-jar>
  <enterprise-beans>
    <ejb>
      <ejb-name>TestingSessionBean</ejb-name>
      <jndi-name>ejb/TestingSessionBean</jndi-name>
    </ejb>
    <ejb>
      <ejb-name>TestingEntityBean</ejb-name>
      <jndi-name>ejb/TestingEntityBean</jndi-name>
    </ejb>
    <ejb>
      <ejb-name>TestingMessageBean</ejb-name>
      <jndi-name>jms/TestingMessageBean</jndi-name>
      <mdb-connection-factory>
        <jndi-name>jms/TestingMessageBeanFactory</jndi-name>
      </mdb-connection-factory>
    </ejb>
  </enterprise-beans>
</glassfish-ejb-jar>
